// Jest Snapshot v1, https://goo.gl/fbAQLP

exports[`renders correctly 1`] = `
<div
  className="sc-bcXHqe jezpzi"
>
  <div
    className="sc-gswNZR gPXlaZ"
  >
    <h1 />
  </div>
</div>
`;
