// Jest Snapshot v1, https://goo.gl/fbAQLP

exports[`renders correctly 1`] = `
<div
  className="sc-bcXHqe eimxqs"
>
  <div
    className="sc-gswNZR iuRrXo"
  >
    <div
      className="sc-dkrFOg beUrbd"
    >
      <div
        aria-roledescription="carousel"
        dir="ltr"
      >
        <div
          className="react-slideshow-container"
          onMouseDown={[Function]}
          onMouseEnter={[Function]}
          onMouseLeave={[Function]}
          onMouseMove={[Function]}
          onMouseOver={[Function]}
          onMouseUp={[Function]}
          onTouchCancel={[Function]}
          onTouchEnd={[Function]}
          onTouchMove={[Function]}
          onTouchStart={[Function]}
        >
          <div
            className="react-slideshow-wrapper slide "
          >
            <div
              className="images-wrap"
              style={
                Object {
                  "transform": "translate(-0px)",
                }
              }
            >
              <div
                aria-hidden="true"
                aria-roledescription="slide"
                data-index={-1}
              >
                <div
                  className="each-slide"
                >
                  <img
                    alt="sliding"
                    className="sc-hLBbgP dxQtpM"
                    src={Object {}}
                  />
                </div>
              </div>
              <div
                aria-hidden="false"
                aria-roledescription="slide"
                className="active"
                data-index={0}
              >
                <div
                  className="each-slide"
                >
                  <img
                    alt="sliding"
                    className="sc-hLBbgP dxQtpM"
                    src={Object {}}
                  />
                </div>
              </div>
              <div
                aria-hidden="true"
                aria-roledescription="slide"
                className=""
                data-index={1}
              >
                <div
                  className="each-slide"
                >
                  <img
                    alt="sliding"
                    className="sc-hLBbgP dxQtpM"
                    src={Object {}}
                  />
                </div>
              </div>
              <div
                aria-hidden="true"
                aria-roledescription="slide"
                className=""
                data-index={2}
              >
                <div
                  className="each-slide"
                >
                  <img
                    alt="sliding"
                    className="sc-hLBbgP dxQtpM"
                    src={Object {}}
                  />
                </div>
              </div>
              <div
                aria-hidden="true"
                aria-roledescription="slide"
                data-index={3}
              >
                <div
                  className="each-slide"
                >
                  <img
                    alt="sliding"
                    className="sc-hLBbgP dxQtpM"
                    src={Object {}}
                  />
                </div>
              </div>
            </div>
          </div>
        </div>
      </div>
    </div>
    <div
      className="sc-dkrFOg dRJxC"
    >
      <div
        className="sc-eDWCr kUEMiw"
        color="#d0d0d0"
      >
        <h1>
          HARRY COLLINS
        </h1>
      </div>
    </div>
    <div
      className="sc-dkrFOg kUHmoK"
    >
      <div
        className="sc-iBYQkv jOIYsz"
      >
        <div
          className="sc-ipEyDJ kSQOgU"
        >
          <strong>
            <h2
              style={
                Object {
                  "color": "grey",
                  "marginTop": 0,
                }
              }
            >
              üë®üèª‚Äçüíª Age
            </h2>
          </strong>
          <div
            className="sc-jrcTuL kcXhmE"
          >
            <p
              className="sc-kDvujY fPUlnY"
              style={
                Object {
                  "margin": 0,
                  "marginTop": "5px",
                }
              }
            >
              24
            </p>
          </div>
        </div>
        <div
          className="sc-ipEyDJ kSQOgU"
        >
          <strong>
            <h2
              style={
                Object {
                  "color": "grey",
                  "marginTop": 0,
                }
              }
            >
              üìç Location
            </h2>
          </strong>
          <div
            className="sc-jrcTuL kcXhmE"
          >
            <p
              className="sc-kDvujY fPUlnY"
              style={
                Object {
                  "margin": 0,
                  "marginTop": "5px",
                }
              }
            >
              London, UK
            </p>
          </div>
        </div>
        <div
          className="sc-ipEyDJ kSQOgU"
        >
          <strong>
            <h2
              style={
                Object {
                  "color": "grey",
                  "marginTop": 0,
                }
              }
            >
              ‚õπüèª‚Äç‚ôÇÔ∏è Interests
            </h2>
          </strong>
          <div
            className="sc-jrcTuL kcXhmE"
          >
            <p
              className="sc-kDvujY fPUlnY"
              style={
                Object {
                  "margin": 0,
                  "marginTop": "5px",
                }
              }
            >
              Music
            </p>
            <p
              className="sc-kDvujY fPUlnY"
              style={
                Object {
                  "margin": 0,
                  "marginTop": "5px",
                }
              }
            >
              Basketball
            </p>
            <p
              className="sc-kDvujY fPUlnY"
              style={
                Object {
                  "margin": 0,
                  "marginTop": "5px",
                }
              }
            >
              Travelling
            </p>
            <p
              className="sc-kDvujY fPUlnY"
              style={
                Object {
                  "margin": 0,
                  "marginTop": "5px",
                }
              }
            >
              Fitness
            </p>
            <p
              className="sc-kDvujY fPUlnY"
              style={
                Object {
                  "margin": 0,
                  "marginTop": "5px",
                }
              }
            >
              Food (Pasta)
            </p>
          </div>
        </div>
      </div>
      <div
        className="sc-ftTHYK ijsFNe"
      />
    </div>
    <div
      className="sc-dkrFOg jaQSBE"
    />
    <div
      className="sc-dkrFOg hECYgN"
    />
    <div
      className="sc-dkrFOg hECYgN"
    />
    <div
      className="sc-dkrFOg jaQSBE"
    />
    <div
      className="sc-dkrFOg jPCCaQ"
      onClick={[Function]}
    />
    <div
      className="sc-dkrFOg jPCCaQ"
      onClick={[Function]}
    />
    <div
      className="sc-dkrFOg jPCCaQ"
      onClick={[Function]}
    />
  </div>
</div>
`;
