// Jest Snapshot v1, https://goo.gl/fbAQLP

exports[`renders correctly 1`] = `
<div
  className="sc-bcXHqe hRnQAC"
>
  <div
    className="sc-eDvSVe dvuuGi"
  />
  <div
    className="sc-jSUZER dgYSNr"
  />
</div>
`;
