// Jest Snapshot v1, https://goo.gl/fbAQLP

exports[`renders correctly 1`] = `
<div
  className="sc-idXgbr kZTxrS"
>
  <div
    style={
      Object {
        "display": "flex",
        "flexDirection": "column",
        "width": "100%",
      }
    }
  >
    <div
      className="sc-dIfARi hWwhyK"
    >
      <div
        className="sc-hHTYSt YAeea"
      >
        <div
          className="sc-dmctIk nIkVC"
          onClick={[Function]}
        >
          All
        </div>
        <div
          className="sc-dmctIk gDbfHq"
          onClick={[Function]}
        >
          Resume
        </div>
        <div
          className="sc-dmctIk gDbfHq"
          onClick={[Function]}
        >
          About
        </div>
      </div>
    </div>
    <div
      className="sc-kgTSHT eCZZmj"
    >
      <div
        className="sc-bcXHqe eimxqs"
      >
        <div
          className="sc-gswNZR iuRrXo"
        >
          <div
            className="sc-dkrFOg krVsfh"
          >
            <div
              aria-roledescription="carousel"
              dir="ltr"
            >
              <div
                className="react-slideshow-container"
                onMouseDown={[Function]}
                onMouseEnter={[Function]}
                onMouseLeave={[Function]}
                onMouseMove={[Function]}
                onMouseOver={[Function]}
                onMouseUp={[Function]}
                onTouchCancel={[Function]}
                onTouchEnd={[Function]}
                onTouchMove={[Function]}
                onTouchStart={[Function]}
              >
                <div
                  className="react-slideshow-wrapper slide "
                >
                  <div
                    className="images-wrap"
                    style={
                      Object {
                        "transform": "translate(-0px)",
                      }
                    }
                  >
                    <div
                      aria-hidden="true"
                      aria-roledescription="slide"
                      data-index={-1}
                    >
                      <div
                        className="each-slide"
                      >
                        <img
                          alt="sliding"
                          className="sc-bqWxrE lcrvEY"
                          src={Object {}}
                        />
                      </div>
                    </div>
                    <div
                      aria-hidden="false"
                      aria-roledescription="slide"
                      className="active"
                      data-index={0}
                    >
                      <div
                        className="each-slide"
                      >
                        <img
                          alt="sliding"
                          className="sc-bqWxrE lcrvEY"
                          src={Object {}}
                        />
                      </div>
                    </div>
                    <div
                      aria-hidden="true"
                      aria-roledescription="slide"
                      className=""
                      data-index={1}
                    >
                      <div
                        className="each-slide"
                      >
                        <img
                          alt="sliding"
                          className="sc-bqWxrE lcrvEY"
                          src={Object {}}
                        />
                      </div>
                    </div>
                    <div
                      aria-hidden="true"
                      aria-roledescription="slide"
                      className=""
                      data-index={2}
                    >
                      <div
                        className="each-slide"
                      >
                        <img
                          alt="sliding"
                          className="sc-bqWxrE lcrvEY"
                          src={Object {}}
                        />
                      </div>
                    </div>
                    <div
                      aria-hidden="true"
                      aria-roledescription="slide"
                      data-index={3}
                    >
                      <div
                        className="each-slide"
                      >
                        <img
                          alt="sliding"
                          className="sc-bqWxrE lcrvEY"
                          src={Object {}}
                        />
                      </div>
                    </div>
                  </div>
                </div>
              </div>
            </div>
          </div>
          <div
            className="sc-dkrFOg xDTza"
          >
            <div
              className="sc-ipEyDJ fZqabw"
              color="#bfbfbf"
            >
              <h1>
                HARRY COLLINS
              </h1>
            </div>
          </div>
          <div
            className="sc-dkrFOg gAcZeq"
          >
            <div
              className="sc-iBYQkv bHzXBj"
            >
              <h2
                className="sc-eDvSVe lnaoEU"
              />
              <p
                className="sc-jSUZER eDYipk"
              />
              <small
                className="sc-gKPRtg hQhJbe"
              />
              <div
                className="sc-kDvujY jLhsdD"
              >
                <strong />
                <div
                  className="sc-pyfCe jYvaer"
                >
                  <p
                    className="sc-jrcTuL bBXktZ"
                    style={
                      Object {
                        "margin": 0,
                        "marginTop": "5px",
                      }
                    }
                  >
                    Hey, I'm Harry. I'm a London based Software Engineer 
                  </p>
                </div>
              </div>
              <div
                className="sc-kDvujY gYuGEa"
              >
                <strong>
                  Age
                </strong>
                <div
                  className="sc-pyfCe jYvaer"
                >
                  <p
                    className="sc-jrcTuL bBXktZ"
                    style={
                      Object {
                        "margin": 0,
                        "marginTop": "5px",
                      }
                    }
                  >
                    24
                  </p>
                </div>
              </div>
              <div
                className="sc-kDvujY gYuGEa"
              >
                <strong>
                  Location
                </strong>
                <div
                  className="sc-pyfCe jYvaer"
                >
                  <p
                    className="sc-jrcTuL bBXktZ"
                    style={
                      Object {
                        "margin": 0,
                        "marginTop": "5px",
                      }
                    }
                  >
                    London, UK
                  </p>
                </div>
              </div>
              <div
                className="sc-kDvujY gYuGEa"
              >
                <strong>
                  Interests
                </strong>
                <div
                  className="sc-pyfCe jYvaer"
                >
                  <p
                    className="sc-jrcTuL bBXktZ"
                    style={
                      Object {
                        "margin": 0,
                        "marginTop": "5px",
                      }
                    }
                  >
                    Music
                  </p>
                  <p
                    className="sc-jrcTuL bBXktZ"
                    style={
                      Object {
                        "margin": 0,
                        "marginTop": "5px",
                      }
                    }
                  >
                    Basketball
                  </p>
                  <p
                    className="sc-jrcTuL bBXktZ"
                    style={
                      Object {
                        "margin": 0,
                        "marginTop": "5px",
                      }
                    }
                  >
                    Travelling
                  </p>
                  <p
                    className="sc-jrcTuL bBXktZ"
                    style={
                      Object {
                        "margin": 0,
                        "marginTop": "5px",
                      }
                    }
                  >
                    Fitness
                  </p>
                  <p
                    className="sc-jrcTuL bBXktZ"
                    style={
                      Object {
                        "margin": 0,
                        "marginTop": "5px",
                      }
                    }
                  >
                    Food (Pasta)
                  </p>
                </div>
              </div>
              <div
                className="sc-ftTHYK caKGMS"
              />
            </div>
          </div>
          <div
            className="sc-dkrFOg iqtpTI"
          />
          <div
            className="sc-dkrFOg gHMHIB"
          />
          <div
            className="sc-dkrFOg gHMHIB"
          />
          <div
            className="sc-dkrFOg iqtpTI"
          />
          <div
            className="sc-dkrFOg iKRSwo"
            onClick={[Function]}
          />
          <div
            className="sc-dkrFOg iKRSwo"
            onClick={[Function]}
          />
          <div
            className="sc-dkrFOg iKRSwo"
            onClick={[Function]}
          />
        </div>
      </div>
    </div>
  </div>
</div>
`;
